[1m[92m    Updating[0m crates.io index
[1m[92m     Locking[0m 133 packages to latest compatible versions
[1m[92m      Adding[0m reqwest v0.11.27 [1m[33m(available: v0.13.4)[0m
[1m[92m      Adding[0m thiserror v1.0.69 [1m[33m(available: v2.0.20)[0m
[1m[92m Downloading[0m crates ...
[1m[92m  Downloaded[0m sync_wrapper v0.1.2
[1m[92m  Downloaded[0m stable_deref_trait v1.2.1
[1m[92m  Downloaded[0m bytes v1.12.1
[1m[92m  Downloaded[0m displaydoc v0.2.7
[1m[92m  Downloaded[0m base64 v0.21.7
[1m[92m  Downloaded[0m cfg-if v1.0.4
[1m[92m  Downloaded[0m fnv v1.0.7
[1m[92m  Downloaded[0m cc v1.4.4
[1m[92m  Downloaded[0m encoding_rs v0.8.35
[1m[92m  Downloaded[0m futures-core v0.3.34
[1m[92m  Downloaded[0m getrandom v0.2.17
[1m[92m  Downloaded[0m find-msvc-tools v0.1.11
[1m[92m  Downloaded[0m equivalent v1.0.2
[1m[92m  Downloaded[0m hyper v0.14.32
[1m[92m  Downloaded[0m hyper-rustls v0.24.2
[1m[92m  Downloaded[0m icu_properties v2.3.0
[1m[92m  Downloaded[0m futures-task v0.3.34
[1m[92m  Downloaded[0m idna v1.1.0
[1m[92m  Downloaded[0m futures-util v0.3.34
[1m[92m  Downloaded[0m icu_normalizer_data v2.3.0
[1m[92m  Downloaded[0m futures-sink v0.3.34
[1m[92m  Downloaded[0m http-body v0.4.6
[1m[92m  Downloaded[0m icu_provider v2.3.1
[1m[92m  Downloaded[0m log v0.4.34
[1m[92m  Downloaded[0m form_urlencoded v1.2.2
[1m[92m  Downloaded[0m mime v0.3.17
[1m[92m  Downloaded[0m idna_adapter v1.2.2
[1m[92m  Downloaded[0m ipnet v2.12.1
[1m[92m  Downloaded[0m icu_properties_data v2.3.0
[1m[92m  Downloaded[0m percent-encoding v2.3.2
[1m[92m  Downloaded[0m h2 v0.3.27
[1m[92m  Downloaded[0m http v0.2.12
[1m[92m  Downloaded[0m icu_locale_core v2.3.0
[1m[92m  Downloaded[0m itoa v1.0.18
[1m[92m  Downloaded[0m hashbrown v0.17.1
[1m[92m  Downloaded[0m httparse v1.10.1
[1m[92m  Downloaded[0m tower-service v0.3.3
[1m[92m  Downloaded[0m zerofrom v0.1.8
[1m[92m  Downloaded[0m httpdate v1.0.3
[1m[92m  Downloaded[0m potential_utf v0.1.6
[1m[92m  Downloaded[0m zerofrom-derive v0.1.7
[1m[92m  Downloaded[0m want v0.3.1
[1m[92m  Downloaded[0m futures-channel v0.3.34
[1m[92m  Downloaded[0m icu_normalizer v2.3.0
[1m[92m  Downloaded[0m litemap v0.8.3
[1m[92m  Downloaded[0m once_cell v1.21.4
[1m[92m  Downloaded[0m tinystr v0.8.4
[1m[92m  Downloaded[0m utf8_iter v1.0.4
[1m[92m  Downloaded[0m serde_urlencoded v0.7.1
[1m[92m  Downloaded[0m thiserror-impl v1.0.69
[1m[92m  Downloaded[0m try-lock v0.2.5
[1m[92m  Downloaded[0m untrusted v0.9.0
[1m[92m  Downloaded[0m yoke-derive v0.8.2
[1m[92m  Downloaded[0m zerovec-derive v0.11.6
[1m[92m  Downloaded[0m zmij v1.0.23
[1m[92m  Downloaded[0m shlex v2.0.1
[1m[92m  Downloaded[0m thiserror v1.0.69
[1m[92m  Downloaded[0m tokio-macros v2.7.2
[1m[92m  Downloaded[0m writeable v0.6.4
[1m[92m  Downloaded[0m pin-project-lite v0.2.17
[1m[92m  Downloaded[0m sct v0.7.1
[1m[92m  Downloaded[0m slab v0.4.12
[1m[92m  Downloaded[0m yoke v0.8.3
[1m[92m  Downloaded[0m smallvec v1.15.2
[1m[92m  Downloaded[0m proc-macro2 v1.0.107
[1m[92m  Downloaded[0m quote v1.0.47
[1m[92m  Downloaded[0m rustls-pemfile v1.0.4
[1m[92m  Downloaded[0m ryu v1.0.23
[1m[92m  Downloaded[0m serde_core v1.0.229
[1m[92m  Downloaded[0m serde_derive v1.0.229
[1m[92m  Downloaded[0m socket2 v0.5.10
[1m[92m  Downloaded[0m socket2 v0.6.5
[1m[92m  Downloaded[0m synstructure v0.13.2
[1m[92m  Downloaded[0m tokio-rustls v0.24.1
[1m[92m  Downloaded[0m tracing-core v0.1.36
[1m[92m  Downloaded[0m unicode-ident v1.0.24
[1m[92m  Downloaded[0m url v2.5.8
[1m[92m  Downloaded[0m zerotrie v0.2.5
[1m[92m  Downloaded[0m indexmap v2.14.0
[1m[92m  Downloaded[0m memchr v2.8.3
[1m[92m  Downloaded[0m mio v1.2.2
[1m[92m  Downloaded[0m serde v1.0.229
[1m[92m  Downloaded[0m icu_collections v2.3.0
[1m[92m  Downloaded[0m serde_json v1.0.151
[1m[92m  Downloaded[0m tokio-util v0.7.19
[1m[92m  Downloaded[0m zerovec v0.11.8
[1m[92m  Downloaded[0m reqwest v0.11.27
[1m[92m  Downloaded[0m rustls-webpki v0.101.7
[1m[92m  Downloaded[0m webpki-roots v0.25.4
[1m[92m  Downloaded[0m rustls v0.21.12
[1m[92m  Downloaded[0m syn v2.0.119
[1m[92m  Downloaded[0m syn v3.0.3
[1m[92m  Downloaded[0m tracing v0.1.44
[1m[92m  Downloaded[0m libc v0.2.189
[1m[92m  Downloaded[0m tokio v1.53.1
[1m[92m  Downloaded[0m ring v0.17.14
[1m[92m   Compiling[0m proc-macro2 v1.0.107
[1m[92m   Compiling[0m quote v1.0.47
[1m[92m   Compiling[0m unicode-ident v1.0.24
[1m[92m   Compiling[0m libc v0.2.189
[1m[92m    Checking[0m stable_deref_trait v1.2.1
[1m[92m   Compiling[0m shlex v2.0.1
[1m[92m   Compiling[0m find-msvc-tools v0.1.11
[1m[92m    Checking[0m pin-project-lite v0.2.17
[1m[92m   Compiling[0m cc v1.4.4
[1m[92m    Checking[0m cfg-if v1.0.4
[1m[92m    Checking[0m bytes v1.12.1
[1m[92m    Checking[0m itoa v1.0.18
[1m[92m   Compiling[0m syn v3.0.3
[1m[92m   Compiling[0m syn v2.0.119
[1m[92m    Checking[0m litemap v0.8.3
[1m[92m    Checking[0m writeable v0.6.4
[1m[92m    Checking[0m mio v1.2.2
[1m[92m    Checking[0m getrandom v0.2.17
[1m[92m   Compiling[0m ring v0.17.14
[1m[92m    Checking[0m socket2 v0.6.5
[1m[92m   Compiling[0m icu_normalizer_data v2.3.0
[1m[92m    Checking[0m untrusted v0.9.0
[1m[92m    Checking[0m futures-core v0.3.34
[1m[92m    Checking[0m utf8_iter v1.0.4
[1m[92m   Compiling[0m icu_properties_data v2.3.0
[1m[92m   Compiling[0m serde_core v1.0.229
[1m[92m    Checking[0m fnv v1.0.7
[1m[92m    Checking[0m once_cell v1.21.4
[1m[92m    Checking[0m tracing-core v0.1.36
[1m[92m    Checking[0m http v0.2.12
[1m[92m   Compiling[0m synstructure v0.13.2
[1m[92m   Compiling[0m zerofrom-derive v0.1.7
[1m[92m   Compiling[0m yoke-derive v0.8.2
[1m[92m    Checking[0m futures-sink v0.3.34
[1m[92m   Compiling[0m httparse v1.10.1
[1m[92m    Checking[0m zerofrom v0.1.8
[1m[92m    Checking[0m yoke v0.8.3
[1m[92m    Checking[0m futures-task v0.3.34
[1m[92m    Checking[0m smallvec v1.15.2
[1m[92m    Checking[0m equivalent v1.0.2
[1m[92m   Compiling[0m rustls v0.21.12
[1m[92m    Checking[0m hashbrown v0.17.1
[1m[92m    Checking[0m futures-util v0.3.34
[1m[92m   Compiling[0m zerovec-derive v0.11.6
[1m[92m   Compiling[0m displaydoc v0.2.7
[1m[92m    Checking[0m zerotrie v0.2.5
[1m[92m   Compiling[0m tokio-macros v2.7.2
[1m[92m    Checking[0m indexmap v2.14.0
[1m[92m    Checking[0m zerovec v0.11.8
[1m[92m    Checking[0m tokio v1.53.1
[1m[92m    Checking[0m tinystr v0.8.4
[1m[92m    Checking[0m potential_utf v0.1.6
[1m[92m    Checking[0m icu_collections v2.3.0
[1m[92m    Checking[0m icu_locale_core v2.3.0
[1m[92m    Checking[0m icu_provider v2.3.1
[1m[92m    Checking[0m icu_properties v2.3.0
[1m[92m    Checking[0m rustls-webpki v0.101.7
[1m[92m    Checking[0m sct v0.7.1
[1m[92m    Checking[0m icu_normalizer v2.3.0
[1m[92m    Checking[0m tracing v0.1.44
[1m[92m   Compiling[0m serde v1.0.229
[1m[92m    Checking[0m log v0.4.34
[1m[92m    Checking[0m percent-encoding v2.3.2
[1m[92m    Checking[0m try-lock v0.2.5
[1m[92m    Checking[0m slab v0.4.12
[1m[92m   Compiling[0m zmij v1.0.23
[1m[92m    Checking[0m form_urlencoded v1.2.2
[1m[92m    Checking[0m want v0.3.1
[1m[92m    Checking[0m idna_adapter v1.2.2
[1m[92m   Compiling[0m serde_derive v1.0.229
[1m[92m    Checking[0m http-body v0.4.6
[1m[92m    Checking[0m futures-channel v0.3.34
[1m[92m    Checking[0m socket2 v0.5.10
[1m[92m    Checking[0m tokio-util v0.7.19
[1m[92m   Compiling[0m serde_json v1.0.151
[1m[92m    Checking[0m httpdate v1.0.3
[1m[92m    Checking[0m tower-service v0.3.3
[1m[92m    Checking[0m idna v1.1.0
[1m[92m    Checking[0m h2 v0.3.27
[1m[92m    Checking[0m memchr v2.8.3
[1m[92m    Checking[0m tokio-rustls v0.24.1
[1m[92m   Compiling[0m thiserror v1.0.69
[1m[92m    Checking[0m ryu v1.0.23
[1m[92m    Checking[0m base64 v0.21.7
[1m[92m    Checking[0m rustls-pemfile v1.0.4
[1m[92m    Checking[0m url v2.5.8
[1m[92m   Compiling[0m thiserror-impl v1.0.69
[1m[92m    Checking[0m encoding_rs v0.8.35
[1m[92m    Checking[0m hyper v0.14.32
[1m[92m    Checking[0m ipnet v2.12.1
[1m[92m    Checking[0m webpki-roots v0.25.4
[1m[92m    Checking[0m serde_urlencoded v0.7.1
[1m[92m    Checking[0m sync_wrapper v0.1.2
[1m[92m    Checking[0m mime v0.3.17
[1m[92m    Checking[0m hyper-rustls v0.24.2
[1m[92m    Checking[0m reqwest v0.11.27
[1m[92m    Checking[0m secure-login-sdk v0.1.0 (/home/runner/work/Secure-login/Secure-login/sdk/rust)
[1m[91merror[E0277][0m[1m: the trait bound `std::sync::RwLock<Option<std::string::String>>: Clone` is not satisfied[0m
  [1m[94m--> [0msrc/lib.rs:33:5
   [1m[94m|[0m
[1m[94m29[0m [1m[94m|[0m #[derive(Clone)]
   [1m[94m|[0m          [1m[94m-----[0m [1m[94min this derive macro expansion[0m
[1m[94m...[0m
[1m[94m33[0m [1m[94m|[0m     access_token: std::sync::RwLock<Option<String>>,
   [1m[94m|[0m     [1m[91m^^^^^^^^^^^^^^^^^^^^^^^^^^^^^^^^^^^^^^^^^^^^^^^[0m [1m[91mthe trait `Clone` is not implemented for `std::sync::RwLock<Option<std::string::String>>`[0m

[1m[91merror[E0277][0m[1m: the trait bound `std::sync::RwLock<Option<std::string::String>>: Clone` is not satisfied[0m
  [1m[94m--> [0msrc/lib.rs:34:5
   [1m[94m|[0m
[1m[94m29[0m [1m[94m|[0m #[derive(Clone)]
   [1m[94m|[0m          [1m[94m-----[0m [1m[94min this derive macro expansion[0m
[1m[94m...[0m
[1m[94m34[0m [1m[94m|[0m     refresh_token: std::sync::RwLock<Option<String>>,
   [1m[94m|[0m     [1m[91m^^^^^^^^^^^^^^^^^^^^^^^^^^^^^^^^^^^^^^^^^^^^^^^^[0m [1m[91mthe trait `Clone` is not implemented for `std::sync::RwLock<Option<std::string::String>>`[0m

[1mFor more information about this error, try `rustc --explain E0277`.[0m
[1m[91merror[0m: could not compile `secure-login-sdk` (lib test) due to 2 previous errors
[1m[33mwarning[0m: build failed, waiting for other jobs to finish...
[1m[91merror[0m: could not compile `secure-login-sdk` (lib) due to 2 previous errors
